178
183
146
153
210
164
203
167
204
114
197
244
138
247
179
79
212
125
163
189
229
135
87
69
186
225
97
193
215
198
275
167
211
170
200
233
225
249
131
192
144
144
174
221
198
262
183
213
195
215
138
111
88
220
175
159
238
152
128
164
261
220
172
109
