1467902
1328994
2028546
859941
1512726
2026415
1516108
1749671
2400131
2083716
