28
18
16
93
-113
-24
77
76
-24
-69
57
-40
103
18
-34
-74
-6
25
29
36
117
47
-32
23
22
-2
-38
86
-5
107
-152
-68
100
68
109
11
61
69
-20
-59
-13
-29
-27
-56
121
-9
-59
53
-92
49
-6
16
156
-100
62
83
-5
-10
91
-53
35
-91
-109
33
